// Vitest Snapshot v1, https://vitest.dev/guide/snapshot.html

exports[`PokemonCard Semantic HTML > should render with semantic HTML structure (snapshot) 1`] = `
<aside
  aria-label="View details for Pikachu"
  class="relative cursor-pointer border-4 p-4 w-full max-w-[280px] h-[440px] pixel-font flex flex-col items-center bg-gradient-to-br from-yellow-50 to-yellow-100
        transition-all duration-200 ease-in-out
        hover:translate-y-[-4px] "
  role="button"
  style="border-color: black; box-shadow: 4px 4px 0px rgba(0,0,0,1);"
  tabindex="0"
>
  <figure
    class="spriteFrame border-2 p-2 mb-3 flex items-center justify-center w-full h-[210px] relative flex-shrink-0"
    style="border-color: black; background-image: url("/pokemon-type-bg/electric.webp"); background-size: cover; background-position: center center;"
  >
    <img
      alt="Pikachu"
      class="w-full h-full object-contain origin-center"
      decoding="async"
      loading="lazy"
      src="https://raw.githubusercontent.com/PokeAPI/sprites/master/sprites/pokemon/25.png"
      style="image-rendering: pixelated; filter: none;"
    />
  </figure>
  <article
    class="bg-black/20 p-2 rounded-md w-full flex-1 flex flex-col overflow-hidden"
    style="text-shadow: 1px 1px 0 var(--background);"
  >
    <div
      class="infoGrid flex flex-col gap-1.5 text-[10px] flex-1"
    >
      <header
        class="flex items-center justify-between min-h-[20px]"
      >
        <h3
          class="font-bold text-sm capitalize truncate"
        >
          Pikachu
        </h3>
        <span
          class="font-normal text-[9px] px-2 py-0.5 rounded whitespace-nowrap ml-2"
          style="background-color: rgba(0, 0, 0, 0.1); border: 1px solid rgba(0, 0, 0, 0.3); color: var(--foreground); text-shadow: 1px 1px 0 rgba(255, 255, 255, 0.8);"
        >
          #
          25
        </span>
      </header>
      <div
        class="flex gap-2 text-[9px]"
      >
        <div
          class="flex-1 rounded px-2 py-1"
          style="background-color: rgba(255, 255, 255, 0.3); border: 1px solid rgba(0, 0, 0, 0.2);"
        >
          <div
            class="font-bold text-[8px] uppercase tracking-wide"
            style="color: var(--muted-foreground);"
          >
            Height
          </div>
          <div
            class="font-bold text-[11px] tabular-nums"
          >
            0.4m
          </div>
        </div>
        <div
          class="flex-1 rounded px-2 py-1"
          style="background-color: rgba(255, 255, 255, 0.3); border: 1px solid rgba(0, 0, 0, 0.2);"
        >
          <div
            class="font-bold text-[8px] uppercase tracking-wide"
            style="color: var(--muted-foreground);"
          >
            Weight
          </div>
          <div
            class="font-bold text-[11px] tabular-nums"
          >
            6.0kg
          </div>
        </div>
      </div>
      <section
        class="text-[9px]"
      >
        <h4
          class="font-bold text-[8px]"
        >
          Abilities
        </h4>
        <ul
          class="flex flex-wrap gap-0.5 mt-0.5 list-none p-0 m-0"
        >
          <li
            class="px-1.5 py-0.5 rounded text-[7.5px] whitespace-nowrap leading-tight"
            style="background-color: rgba(255, 255, 255, 0.5); border: 1px solid rgba(0, 0, 0, 0.2);"
          >
            Static
          </li>
          <li
            class="px-1.5 py-0.5 rounded text-[7.5px] whitespace-nowrap leading-tight"
            style="background-color: rgba(255, 255, 255, 0.5); border: 1px solid rgba(0, 0, 0, 0.2);"
          >
            Lightning Rod
          </li>
        </ul>
      </section>
      <div
        class="mt-auto pt-2"
      >
        <div
          class="flex flex-wrap gap-1 md:gap-2"
        >
          <span
            class="bg-yellow-400 text-black text-[8px] px-2 py-0.5 font-bold uppercase border-2 border-black shadow-[2px_2px_0px_rgba(0,0,0,1)]"
            style="text-shadow: none;"
          >
            electric
          </span>
        </div>
      </div>
    </div>
  </article>
</aside>
`;
